---
- council_reference: CC/2019/530
  address: 3 Angelica  Road  CHISHOLM  NSW  2322
  description: Dwelling - Single Storey
  info_url: https://myhorizon.maitland.nsw.gov.au/Horizon/logonOp.aw?e=FxkUAB1eSSgbAR0MXx0aEBcRFgEzEQE6F10WSz4UEUMAZgQSBwVHHAQdXBNFETMAQkZFBEZAXxERQgcwERAAH0YWSzgRBFwdIxUHHRleNAMcEgA%3D#/home
  date_scraped: '2019-05-15'
  date_received: '2019-07-01'
- council_reference: CC/2019/532
  address: 14 High Street  MORPETH  NSW  2321
  description: Secondary Dwelling
  info_url: https://myhorizon.maitland.nsw.gov.au/Horizon/logonOp.aw?e=FxkUAB1eSSgbAR0MXx0aEBcRFgEzEQE6F10WSz4UEUMAZgQSBwVHHAQdXBNFETMAQkZFBEZAXxERQgcwERAAH0YWSzgRBFwdIxUHHRleNAMcEgA%3D#/home
  date_scraped: '2019-05-15'
  date_received: '2019-07-01'
- council_reference: CC/2019/533
  address: 14 Kilkenny Circuit  ASHTONFIELD  NSW  2323
  description: Shed
  info_url: https://myhorizon.maitland.nsw.gov.au/Horizon/logonOp.aw?e=FxkUAB1eSSgbAR0MXx0aEBcRFgEzEQE6F10WSz4UEUMAZgQSBwVHHAQdXBNFETMAQkZFBEZAXxERQgcwERAAH0YWSzgRBFwdIxUHHRleNAMcEgA%3D#/home
  date_scraped: '2019-05-15'
  date_received: '2019-07-01'
- council_reference: CC/2019/534
  address: 67 Tarragon Way  CHISHOLM  NSW  2322
  description: Shed
  info_url: https://myhorizon.maitland.nsw.gov.au/Horizon/logonOp.aw?e=FxkUAB1eSSgbAR0MXx0aEBcRFgEzEQE6F10WSz4UEUMAZgQSBwVHHAQdXBNFETMAQkZFBEZAXxERQgcwERAAH0YWSzgRBFwdIxUHHRleNAMcEgA%3D#/home
  date_scraped: '2019-05-15'
  date_received: '2019-07-01'
- council_reference: CC/2019/535
  address: 22 Fitzroy Street  EAST MAITLAND  NSW  2323
  description: Swimming Pool
  info_url: https://myhorizon.maitland.nsw.gov.au/Horizon/logonOp.aw?e=FxkUAB1eSSgbAR0MXx0aEBcRFgEzEQE6F10WSz4UEUMAZgQSBwVHHAQdXBNFETMAQkZFBEZAXxERQgcwERAAH0YWSzgRBFwdIxUHHRleNAMcEgA%3D#/home
  date_scraped: '2019-05-15'
  date_received: '2019-07-02'
- council_reference: CC/2019/536
  address: 13 Lucy Place  RAWORTH  NSW  2321
  description: Dwelling Alterations/Additions - Shed and Deck
  info_url: https://myhorizon.maitland.nsw.gov.au/Horizon/logonOp.aw?e=FxkUAB1eSSgbAR0MXx0aEBcRFgEzEQE6F10WSz4UEUMAZgQSBwVHHAQdXBNFETMAQkZFBEZAXxERQgcwERAAH0YWSzgRBFwdIxUHHRleNAMcEgA%3D#/home
  date_scraped: '2019-05-15'
  date_received: '2019-07-02'
- council_reference: CC/2019/537
  address: 47 Grand Parade  RUTHERFORD  NSW  2320
  description: Dwelling Single Storey
  info_url: https://myhorizon.maitland.nsw.gov.au/Horizon/logonOp.aw?e=FxkUAB1eSSgbAR0MXx0aEBcRFgEzEQE6F10WSz4UEUMAZgQSBwVHHAQdXBNFETMAQkZFBEZAXxERQgcwERAAH0YWSzgRBFwdIxUHHRleNAMcEgA%3D#/home
  date_scraped: '2019-05-15'
  date_received: '2019-07-02'
- council_reference: CC/2019/538
  address: 101 Billabong Parade  CHISHOLM  NSW  2322
  description: Dwelling house
  info_url: https://myhorizon.maitland.nsw.gov.au/Horizon/logonOp.aw?e=FxkUAB1eSSgbAR0MXx0aEBcRFgEzEQE6F10WSz4UEUMAZgQSBwVHHAQdXBNFETMAQkZFBEZAXxERQgcwERAAH0YWSzgRBFwdIxUHHRleNAMcEgA%3D#/home
  date_scraped: '2019-05-15'
  date_received: '2019-07-03'
- council_reference: CC/2019/539
  address: 2 Red Arrow Close  CHISHOLM  NSW  2322
  description: Dwelling house
  info_url: https://myhorizon.maitland.nsw.gov.au/Horizon/logonOp.aw?e=FxkUAB1eSSgbAR0MXx0aEBcRFgEzEQE6F10WSz4UEUMAZgQSBwVHHAQdXBNFETMAQkZFBEZAXxERQgcwERAAH0YWSzgRBFwdIxUHHRleNAMcEgA%3D#/home
  date_scraped: '2019-05-15'
  date_received: '2019-07-03'
- council_reference: CC/2019/540
  address: 24 Lancaster Street  THORNTON  NSW  2322
  description: Dwelling - Single Storey
  info_url: https://myhorizon.maitland.nsw.gov.au/Horizon/logonOp.aw?e=FxkUAB1eSSgbAR0MXx0aEBcRFgEzEQE6F10WSz4UEUMAZgQSBwVHHAQdXBNFETMAQkZFBEZAXxERQgcwERAAH0YWSzgRBFwdIxUHHRleNAMcEgA%3D#/home
  date_scraped: '2019-05-15'
  date_received: '2019-07-03'
- council_reference: CC/2019/541
  address: 5 Collaroy Parade  LOUTH PARK  NSW  2320
  description: Dwelling - Two Storey
  info_url: https://myhorizon.maitland.nsw.gov.au/Horizon/logonOp.aw?e=FxkUAB1eSSgbAR0MXx0aEBcRFgEzEQE6F10WSz4UEUMAZgQSBwVHHAQdXBNFETMAQkZFBEZAXxERQgcwERAAH0YWSzgRBFwdIxUHHRleNAMcEgA%3D#/home
  date_scraped: '2019-05-15'
  date_received: '2019-07-03'
- council_reference: CC/2019/542
  address: 30 John Verge Avenue  RUTHERFORD  NSW  2320
  description: Patio Cover
  info_url: https://myhorizon.maitland.nsw.gov.au/Horizon/logonOp.aw?e=FxkUAB1eSSgbAR0MXx0aEBcRFgEzEQE6F10WSz4UEUMAZgQSBwVHHAQdXBNFETMAQkZFBEZAXxERQgcwERAAH0YWSzgRBFwdIxUHHRleNAMcEgA%3D#/home
  date_scraped: '2019-05-15'
  date_received: '2019-07-04'
- council_reference: CC/2019/543
  address: 2 Collaroy Parade  LOUTH PARK  NSW  2320
  description: Dwelling - Single Storey
  info_url: https://myhorizon.maitland.nsw.gov.au/Horizon/logonOp.aw?e=FxkUAB1eSSgbAR0MXx0aEBcRFgEzEQE6F10WSz4UEUMAZgQSBwVHHAQdXBNFETMAQkZFBEZAXxERQgcwERAAH0YWSzgRBFwdIxUHHRleNAMcEgA%3D#/home
  date_scraped: '2019-05-15'
  date_received: '2019-07-04'
- council_reference: CC/2019/544
  address: 21 Young Street  EAST MAITLAND  NSW  2323
  description: Dwelling alteration/addition (attached)
  info_url: https://myhorizon.maitland.nsw.gov.au/Horizon/logonOp.aw?e=FxkUAB1eSSgbAR0MXx0aEBcRFgEzEQE6F10WSz4UEUMAZgQSBwVHHAQdXBNFETMAQkZFBEZAXxERQgcwERAAH0YWSzgRBFwdIxUHHRleNAMcEgA%3D#/home
  date_scraped: '2019-05-15'
  date_received: '2019-07-04'
- council_reference: CC/2019/545
  address: 177A Bolwarra Park Drive  BOLWARRA HEIGHTS  NSW  2320
  description: Dwelling house
  info_url: https://myhorizon.maitland.nsw.gov.au/Horizon/logonOp.aw?e=FxkUAB1eSSgbAR0MXx0aEBcRFgEzEQE6F10WSz4UEUMAZgQSBwVHHAQdXBNFETMAQkZFBEZAXxERQgcwERAAH0YWSzgRBFwdIxUHHRleNAMcEgA%3D#/home
  date_scraped: '2019-05-15'
  date_received: '2019-07-05'
- council_reference: CC/2019/546
  address: 6 Cockatoo Ridge  ABERGLASSLYN  NSW  2320
  description: Dwelling alteration/addition (attached)
  info_url: https://myhorizon.maitland.nsw.gov.au/Horizon/logonOp.aw?e=FxkUAB1eSSgbAR0MXx0aEBcRFgEzEQE6F10WSz4UEUMAZgQSBwVHHAQdXBNFETMAQkZFBEZAXxERQgcwERAAH0YWSzgRBFwdIxUHHRleNAMcEgA%3D#/home
  date_scraped: '2019-05-15'
  date_received: '2019-07-05'
- council_reference: CC/2019/547
  address: 4 Newfield Street  RUTHERFORD  NSW  2320
  description: Dwelling house
  info_url: https://myhorizon.maitland.nsw.gov.au/Horizon/logonOp.aw?e=FxkUAB1eSSgbAR0MXx0aEBcRFgEzEQE6F10WSz4UEUMAZgQSBwVHHAQdXBNFETMAQkZFBEZAXxERQgcwERAAH0YWSzgRBFwdIxUHHRleNAMcEgA%3D#/home
  date_scraped: '2019-05-15'
  date_received: '2019-07-05'
- council_reference: CC/2019/548
  address: 82 Ballydoyle Drive  ASHTONFIELD  NSW  2323
  description: Shed
  info_url: https://myhorizon.maitland.nsw.gov.au/Horizon/logonOp.aw?e=FxkUAB1eSSgbAR0MXx0aEBcRFgEzEQE6F10WSz4UEUMAZgQSBwVHHAQdXBNFETMAQkZFBEZAXxERQgcwERAAH0YWSzgRBFwdIxUHHRleNAMcEgA%3D#/home
  date_scraped: '2019-05-15'
  date_received: '2019-07-05'
- council_reference: CC/2019/549
  address: 3 Eldon Drive  LOUTH PARK  NSW  2320
  description: Dwelling house
  info_url: https://myhorizon.maitland.nsw.gov.au/Horizon/logonOp.aw?e=FxkUAB1eSSgbAR0MXx0aEBcRFgEzEQE6F10WSz4UEUMAZgQSBwVHHAQdXBNFETMAQkZFBEZAXxERQgcwERAAH0YWSzgRBFwdIxUHHRleNAMcEgA%3D#/home
  date_scraped: '2019-05-15'
  date_received: '2019-07-08'
- council_reference: CC/2019/550
  address: 79 Tarragon Way  CHISHOLM  NSW  2322
  description: Dwelling - Two Storey
  info_url: https://myhorizon.maitland.nsw.gov.au/Horizon/logonOp.aw?e=FxkUAB1eSSgbAR0MXx0aEBcRFgEzEQE6F10WSz4UEUMAZgQSBwVHHAQdXBNFETMAQkZFBEZAXxERQgcwERAAH0YWSzgRBFwdIxUHHRleNAMcEgA%3D#/home
  date_scraped: '2019-05-15'
  date_received: '2019-07-08'
- council_reference: CC/2019/551
  address: 44 Tournament Street  RUTHERFORD  NSW  2320
  description: Dwelling house, Fence/retaining wall
  info_url: https://myhorizon.maitland.nsw.gov.au/Horizon/logonOp.aw?e=FxkUAB1eSSgbAR0MXx0aEBcRFgEzEQE6F10WSz4UEUMAZgQSBwVHHAQdXBNFETMAQkZFBEZAXxERQgcwERAAH0YWSzgRBFwdIxUHHRleNAMcEgA%3D#/home
  date_scraped: '2019-05-15'
  date_received: '2019-07-08'
- council_reference: CC/2019/552
  address: 8 Lambert Close  BOLWARRA  NSW  2320
  description: Dwelling house
  info_url: https://myhorizon.maitland.nsw.gov.au/Horizon/logonOp.aw?e=FxkUAB1eSSgbAR0MXx0aEBcRFgEzEQE6F10WSz4UEUMAZgQSBwVHHAQdXBNFETMAQkZFBEZAXxERQgcwERAAH0YWSzgRBFwdIxUHHRleNAMcEgA%3D#/home
  date_scraped: '2019-05-15'
  date_received: '2019-07-08'
- council_reference: CC/2019/553
  address: 17 Carnival Close  WINDELLA  NSW  2320
  description: Secondary dwelling
  info_url: https://myhorizon.maitland.nsw.gov.au/Horizon/logonOp.aw?e=FxkUAB1eSSgbAR0MXx0aEBcRFgEzEQE6F10WSz4UEUMAZgQSBwVHHAQdXBNFETMAQkZFBEZAXxERQgcwERAAH0YWSzgRBFwdIxUHHRleNAMcEgA%3D#/home
  date_scraped: '2019-05-15'
  date_received: '2019-07-08'
- council_reference: CC/2019/554
  address: 30 Lancaster Street  THORNTON  NSW  2322
  description: Dual occupancy (attached)
  info_url: https://myhorizon.maitland.nsw.gov.au/Horizon/logonOp.aw?e=FxkUAB1eSSgbAR0MXx0aEBcRFgEzEQE6F10WSz4UEUMAZgQSBwVHHAQdXBNFETMAQkZFBEZAXxERQgcwERAAH0YWSzgRBFwdIxUHHRleNAMcEgA%3D#/home
  date_scraped: '2019-05-15'
  date_received: '2019-07-09'
- council_reference: CC/2019/555
  address: 34 Lancaster Street  THORNTON  NSW  2322
  description: Dual occupancy (attached)
  info_url: https://myhorizon.maitland.nsw.gov.au/Horizon/logonOp.aw?e=FxkUAB1eSSgbAR0MXx0aEBcRFgEzEQE6F10WSz4UEUMAZgQSBwVHHAQdXBNFETMAQkZFBEZAXxERQgcwERAAH0YWSzgRBFwdIxUHHRleNAMcEgA%3D#/home
  date_scraped: '2019-05-15'
  date_received: '2019-07-09'
- council_reference: CC/2019/556
  address: 12 Hunter Close  LOCHINVAR  NSW  2321
  description: Carport
  info_url: https://myhorizon.maitland.nsw.gov.au/Horizon/logonOp.aw?e=FxkUAB1eSSgbAR0MXx0aEBcRFgEzEQE6F10WSz4UEUMAZgQSBwVHHAQdXBNFETMAQkZFBEZAXxERQgcwERAAH0YWSzgRBFwdIxUHHRleNAMcEgA%3D#/home
  date_scraped: '2019-05-15'
  date_received: '2019-07-09'
- council_reference: CDC/2016/2221:1
  address: 76 Dragonfly Drive  CHISHOLM  NSW  2322
  description: Single Storey Dwelling, Remove Retaining Wall
  info_url: https://myhorizon.maitland.nsw.gov.au/Horizon/logonOp.aw?e=FxkUAB1eSSgbAR0MXx0aEBcRFgEzEQE6F10WSz4UEUMAZgQSBwVHHAQdXBNFETMAQkZFBEZAXxERQgcwERAAH0YWSzgRBFwdIxUHHRleNAMcEgA%3D#/home
  date_scraped: '2019-05-15'
  date_received: '2019-07-09'
- council_reference: CDC/2019/313
  address: 3 Carey Close  LOUTH PARK  NSW  2320
  description: Dwelling house
  info_url: https://myhorizon.maitland.nsw.gov.au/Horizon/logonOp.aw?e=FxkUAB1eSSgbAR0MXx0aEBcRFgEzEQE6F10WSz4UEUMAZgQSBwVHHAQdXBNFETMAQkZFBEZAXxERQgcwERAAH0YWSzgRBFwdIxUHHRleNAMcEgA%3D#/home
  date_scraped: '2019-05-15'
  date_received: '2019-07-01'
- council_reference: CDC/2019/314
  address: 29 Percher Street  CHISHOLM  NSW  2322
  description: Swimming Pool
  info_url: https://myhorizon.maitland.nsw.gov.au/Horizon/logonOp.aw?e=FxkUAB1eSSgbAR0MXx0aEBcRFgEzEQE6F10WSz4UEUMAZgQSBwVHHAQdXBNFETMAQkZFBEZAXxERQgcwERAAH0YWSzgRBFwdIxUHHRleNAMcEgA%3D#/home
  date_scraped: '2019-05-15'
  date_received: '2019-07-01'
- council_reference: CDC/2019/315
  address: 11 Harlington Avenue  FARLEY  NSW  2320
  description: Dwelling house
  info_url: https://myhorizon.maitland.nsw.gov.au/Horizon/logonOp.aw?e=FxkUAB1eSSgbAR0MXx0aEBcRFgEzEQE6F10WSz4UEUMAZgQSBwVHHAQdXBNFETMAQkZFBEZAXxERQgcwERAAH0YWSzgRBFwdIxUHHRleNAMcEgA%3D#/home
  date_scraped: '2019-05-15'
  date_received: '2019-07-01'
- council_reference: CDC/2019/316
  address: 65 Barr Promenade  THORNTON  NSW  2322
  description: Swimming Pool
  info_url: https://myhorizon.maitland.nsw.gov.au/Horizon/logonOp.aw?e=FxkUAB1eSSgbAR0MXx0aEBcRFgEzEQE6F10WSz4UEUMAZgQSBwVHHAQdXBNFETMAQkZFBEZAXxERQgcwERAAH0YWSzgRBFwdIxUHHRleNAMcEgA%3D#/home
  date_scraped: '2019-05-15'
  date_received: '2019-07-03'
- council_reference: CDC/2019/317
  address: 18 Friarbird Ridge  ABERGLASSLYN  NSW  2320
  description: Dwelling house
  info_url: https://myhorizon.maitland.nsw.gov.au/Horizon/logonOp.aw?e=FxkUAB1eSSgbAR0MXx0aEBcRFgEzEQE6F10WSz4UEUMAZgQSBwVHHAQdXBNFETMAQkZFBEZAXxERQgcwERAAH0YWSzgRBFwdIxUHHRleNAMcEgA%3D#/home
  date_scraped: '2019-05-15'
  date_received: '2019-07-04'
- council_reference: CDC/2019/318
  address: 15 Collaroy Parade  LOUTH PARK  NSW  2320
  description: Dwelling house
  info_url: https://myhorizon.maitland.nsw.gov.au/Horizon/logonOp.aw?e=FxkUAB1eSSgbAR0MXx0aEBcRFgEzEQE6F10WSz4UEUMAZgQSBwVHHAQdXBNFETMAQkZFBEZAXxERQgcwERAAH0YWSzgRBFwdIxUHHRleNAMcEgA%3D#/home
  date_scraped: '2019-05-15'
  date_received: '2019-07-04'
- council_reference: CDC/2019/319
  address: 7 Vantage Court  BOLWARRA  NSW  2320
  description: Swimming Pool
  info_url: https://myhorizon.maitland.nsw.gov.au/Horizon/logonOp.aw?e=FxkUAB1eSSgbAR0MXx0aEBcRFgEzEQE6F10WSz4UEUMAZgQSBwVHHAQdXBNFETMAQkZFBEZAXxERQgcwERAAH0YWSzgRBFwdIxUHHRleNAMcEgA%3D#/home
  date_scraped: '2019-05-15'
  date_received: '2019-07-04'
- council_reference: CDC/2019/320
  address: 14 Corella Close  ABERGLASSLYN  NSW  2320
  description: Dwelling house
  info_url: https://myhorizon.maitland.nsw.gov.au/Horizon/logonOp.aw?e=FxkUAB1eSSgbAR0MXx0aEBcRFgEzEQE6F10WSz4UEUMAZgQSBwVHHAQdXBNFETMAQkZFBEZAXxERQgcwERAAH0YWSzgRBFwdIxUHHRleNAMcEgA%3D#/home
  date_scraped: '2019-05-15'
  date_received: '2019-07-08'
- council_reference: CDC/2019/321
  address: 16 Whiteley Avenue  METFORD  NSW  2323
  description: Swimming Pool
  info_url: https://myhorizon.maitland.nsw.gov.au/Horizon/logonOp.aw?e=FxkUAB1eSSgbAR0MXx0aEBcRFgEzEQE6F10WSz4UEUMAZgQSBwVHHAQdXBNFETMAQkZFBEZAXxERQgcwERAAH0YWSzgRBFwdIxUHHRleNAMcEgA%3D#/home
  date_scraped: '2019-05-15'
  date_received: '2019-07-09'
- council_reference: CDC/2019/322
  address: 4 Ibis Parade  WOODBERRY  NSW  2322
  description: Dwelling alteration/addition (attached)
  info_url: https://myhorizon.maitland.nsw.gov.au/Horizon/logonOp.aw?e=FxkUAB1eSSgbAR0MXx0aEBcRFgEzEQE6F10WSz4UEUMAZgQSBwVHHAQdXBNFETMAQkZFBEZAXxERQgcwERAAH0YWSzgRBFwdIxUHHRleNAMcEgA%3D#/home
  date_scraped: '2019-05-15'
  date_received: '2019-07-09'
- council_reference: CDC/2019/324
  address: 2 Angelica  Road  CHISHOLM  NSW  2322
  description: Dwelling house
  info_url: https://myhorizon.maitland.nsw.gov.au/Horizon/logonOp.aw?e=FxkUAB1eSSgbAR0MXx0aEBcRFgEzEQE6F10WSz4UEUMAZgQSBwVHHAQdXBNFETMAQkZFBEZAXxERQgcwERAAH0YWSzgRBFwdIxUHHRleNAMcEgA%3D#/home
  date_scraped: '2019-05-15'
  date_received: '2019-07-09'
- council_reference: CDC/2019/325
  address: 22 Harlington Avenue  FARLEY  NSW  2320
  description: Dwelling house
  info_url: https://myhorizon.maitland.nsw.gov.au/Horizon/logonOp.aw?e=FxkUAB1eSSgbAR0MXx0aEBcRFgEzEQE6F10WSz4UEUMAZgQSBwVHHAQdXBNFETMAQkZFBEZAXxERQgcwERAAH0YWSzgRBFwdIxUHHRleNAMcEgA%3D#/home
  date_scraped: '2019-05-15'
  date_received: '2019-07-10'
- council_reference: DA/2017/1173:1
  address: 2 Watervale Circuit  CHISHOLM  NSW  2322
  description: Section 4.55 (1A) Modification - Reduction in Building Floor Area
  info_url: https://myhorizon.maitland.nsw.gov.au/Horizon/logonOp.aw?e=FxkUAB1eSSgbAR0MXx0aEBcRFgEzEQE6F10WSz4UEUMAZgQSBwVHHAQdXBNFETMAQkZFBEZAXxERQgcwERAAH0YWSzgRBFwdIxUHHRleNAMcEgA%3D#/home
  date_scraped: '2019-05-15'
  date_received: '2019-07-05'
- council_reference: DA/2018/1691:1
  address: 27 Percher Street  CHISHOLM  NSW  2322
  description: Dwelling house, Fence/retaining wall
  info_url: https://myhorizon.maitland.nsw.gov.au/Horizon/logonOp.aw?e=FxkUAB1eSSgbAR0MXx0aEBcRFgEzEQE6F10WSz4UEUMAZgQSBwVHHAQdXBNFETMAQkZFBEZAXxERQgcwERAAH0YWSzgRBFwdIxUHHRleNAMcEgA%3D#/home
  date_scraped: '2019-05-15'
  date_received: '2019-07-09'
- council_reference: DA/2018/1846:1
  address: 54 Martins Wharf Road  MILLERS FOREST  NSW  2324
  description: Amend Location of Mound For Future Dwelling
  info_url: https://myhorizon.maitland.nsw.gov.au/Horizon/logonOp.aw?e=FxkUAB1eSSgbAR0MXx0aEBcRFgEzEQE6F10WSz4UEUMAZgQSBwVHHAQdXBNFETMAQkZFBEZAXxERQgcwERAAH0YWSzgRBFwdIxUHHRleNAMcEgA%3D#/home
  date_scraped: '2019-05-15'
  date_received: '2019-07-08'
- council_reference: DA/2019/558
  address: 3 Angelica  Road  CHISHOLM  NSW  2322
  description: Dwelling - Single Storey
  info_url: https://myhorizon.maitland.nsw.gov.au/Horizon/logonOp.aw?e=FxkUAB1eSSgbAR0MXx0aEBcRFgEzEQE6F10WSz4UEUMAZgQSBwVHHAQdXBNFETMAQkZFBEZAXxERQgcwERAAH0YWSzgRBFwdIxUHHRleNAMcEgA%3D#/home
  date_scraped: '2019-05-15'
  date_received: '2019-07-01'
- council_reference: DA/2019/559
  address: 25 Irma Place  LOCHINVAR  NSW  2321
  description: Dwelling - Single Storey
  info_url: https://myhorizon.maitland.nsw.gov.au/Horizon/logonOp.aw?e=FxkUAB1eSSgbAR0MXx0aEBcRFgEzEQE6F10WSz4UEUMAZgQSBwVHHAQdXBNFETMAQkZFBEZAXxERQgcwERAAH0YWSzgRBFwdIxUHHRleNAMcEgA%3D#/home
  date_scraped: '2019-05-15'
  date_received: '2019-07-01'
- council_reference: DA/2019/560
  address: 18 Bairds Close  RUTHERFORD  NSW  2320
  description: Tree Application
  info_url: https://myhorizon.maitland.nsw.gov.au/Horizon/logonOp.aw?e=FxkUAB1eSSgbAR0MXx0aEBcRFgEzEQE6F10WSz4UEUMAZgQSBwVHHAQdXBNFETMAQkZFBEZAXxERQgcwERAAH0YWSzgRBFwdIxUHHRleNAMcEgA%3D#/home
  date_scraped: '2019-05-15'
  date_received: '2019-07-01'
- council_reference: DA/2019/561
  address: 43 Ferraby Drive  METFORD  NSW  2323
  description: Change of use of premises - Dwelling to Group Home (Permanent)
  info_url: https://myhorizon.maitland.nsw.gov.au/Horizon/logonOp.aw?e=FxkUAB1eSSgbAR0MXx0aEBcRFgEzEQE6F10WSz4UEUMAZgQSBwVHHAQdXBNFETMAQkZFBEZAXxERQgcwERAAH0YWSzgRBFwdIxUHHRleNAMcEgA%3D#/home
  date_scraped: '2019-05-15'
  date_received: '2019-07-01'
- council_reference: DA/2019/562
  address: 14 Kilkenny Circuit  ASHTONFIELD  NSW  2323
  description: Shed
  info_url: https://myhorizon.maitland.nsw.gov.au/Horizon/logonOp.aw?e=FxkUAB1eSSgbAR0MXx0aEBcRFgEzEQE6F10WSz4UEUMAZgQSBwVHHAQdXBNFETMAQkZFBEZAXxERQgcwERAAH0YWSzgRBFwdIxUHHRleNAMcEgA%3D#/home
  date_scraped: '2019-05-15'
  date_received: '2019-07-01'
- council_reference: DA/2019/563
  address: 67 Tarragon Way  CHISHOLM  NSW  2322
  description: Shed
  info_url: https://myhorizon.maitland.nsw.gov.au/Horizon/logonOp.aw?e=FxkUAB1eSSgbAR0MXx0aEBcRFgEzEQE6F10WSz4UEUMAZgQSBwVHHAQdXBNFETMAQkZFBEZAXxERQgcwERAAH0YWSzgRBFwdIxUHHRleNAMcEgA%3D#/home
  date_scraped: '2019-05-15'
  date_received: '2019-07-01'
- council_reference: DA/2019/564
  address: 14 Cross Street  SOUTH MAITLAND  NSW  2320
  description: Tree Application
  info_url: https://myhorizon.maitland.nsw.gov.au/Horizon/logonOp.aw?e=FxkUAB1eSSgbAR0MXx0aEBcRFgEzEQE6F10WSz4UEUMAZgQSBwVHHAQdXBNFETMAQkZFBEZAXxERQgcwERAAH0YWSzgRBFwdIxUHHRleNAMcEgA%3D#/home
  date_scraped: '2019-05-15'
  date_received: '2019-07-01'
- council_reference: DA/2019/565
  address: 13 Lucy Place  RAWORTH  NSW  2321
  description: Dwelling Alterations/Additions - Shed and Deck
  info_url: https://myhorizon.maitland.nsw.gov.au/Horizon/logonOp.aw?e=FxkUAB1eSSgbAR0MXx0aEBcRFgEzEQE6F10WSz4UEUMAZgQSBwVHHAQdXBNFETMAQkZFBEZAXxERQgcwERAAH0YWSzgRBFwdIxUHHRleNAMcEgA%3D#/home
  date_scraped: '2019-05-15'
  date_received: '2019-07-02'
- council_reference: DA/2019/566
  address: 3 Norfolk Street  ASHTONFIELD  NSW  2323
  description: Alterations and Additions to Existing Public School (Ashtonfield)
  info_url: https://myhorizon.maitland.nsw.gov.au/Horizon/logonOp.aw?e=FxkUAB1eSSgbAR0MXx0aEBcRFgEzEQE6F10WSz4UEUMAZgQSBwVHHAQdXBNFETMAQkZFBEZAXxERQgcwERAAH0YWSzgRBFwdIxUHHRleNAMcEgA%3D#/home
  date_scraped: '2019-05-15'
  date_received: '2019-07-02'
- council_reference: DA/2019/567
  address: 24 Lancaster Street  THORNTON  NSW  2322
  description: Dwelling - Single Storey
  info_url: https://myhorizon.maitland.nsw.gov.au/Horizon/logonOp.aw?e=FxkUAB1eSSgbAR0MXx0aEBcRFgEzEQE6F10WSz4UEUMAZgQSBwVHHAQdXBNFETMAQkZFBEZAXxERQgcwERAAH0YWSzgRBFwdIxUHHRleNAMcEgA%3D#/home
  date_scraped: '2019-05-15'
  date_received: '2019-07-03'
- council_reference: DA/2019/568
  address: 5 Collaroy Parade  LOUTH PARK  NSW  2320
  description: Dwelling - Two Storey
  info_url: https://myhorizon.maitland.nsw.gov.au/Horizon/logonOp.aw?e=FxkUAB1eSSgbAR0MXx0aEBcRFgEzEQE6F10WSz4UEUMAZgQSBwVHHAQdXBNFETMAQkZFBEZAXxERQgcwERAAH0YWSzgRBFwdIxUHHRleNAMcEgA%3D#/home
  date_scraped: '2019-05-15'
  date_received: '2019-07-03'
- council_reference: DA/2019/569
  address: 30 John Verge Avenue  RUTHERFORD  NSW  2320
  description: Patio Cover
  info_url: https://myhorizon.maitland.nsw.gov.au/Horizon/logonOp.aw?e=FxkUAB1eSSgbAR0MXx0aEBcRFgEzEQE6F10WSz4UEUMAZgQSBwVHHAQdXBNFETMAQkZFBEZAXxERQgcwERAAH0YWSzgRBFwdIxUHHRleNAMcEgA%3D#/home
  date_scraped: '2019-05-15'
  date_received: '2019-07-04'
- council_reference: DA/2019/570
  address: 2 Collaroy Parade  LOUTH PARK  NSW  2320
  description: Dwelling - Single Storey
  info_url: https://myhorizon.maitland.nsw.gov.au/Horizon/logonOp.aw?e=FxkUAB1eSSgbAR0MXx0aEBcRFgEzEQE6F10WSz4UEUMAZgQSBwVHHAQdXBNFETMAQkZFBEZAXxERQgcwERAAH0YWSzgRBFwdIxUHHRleNAMcEgA%3D#/home
  date_scraped: '2019-05-15'
  date_received: '2019-07-04'
- council_reference: DA/2019/571
  address: 21 Young Street  EAST MAITLAND  NSW  2323
  description: Dwelling alteration/addition (attached)
  info_url: https://myhorizon.maitland.nsw.gov.au/Horizon/logonOp.aw?e=FxkUAB1eSSgbAR0MXx0aEBcRFgEzEQE6F10WSz4UEUMAZgQSBwVHHAQdXBNFETMAQkZFBEZAXxERQgcwERAAH0YWSzgRBFwdIxUHHRleNAMcEgA%3D#/home
  date_scraped: '2019-05-15'
  date_received: '2019-07-04'
- council_reference: DA/2019/572
  address: 7 Rebecca Close  RUTHERFORD  NSW  2320
  description: Secondary dwelling, Subdivision - Torrens Title
  info_url: https://myhorizon.maitland.nsw.gov.au/Horizon/logonOp.aw?e=FxkUAB1eSSgbAR0MXx0aEBcRFgEzEQE6F10WSz4UEUMAZgQSBwVHHAQdXBNFETMAQkZFBEZAXxERQgcwERAAH0YWSzgRBFwdIxUHHRleNAMcEgA%3D#/home
  date_scraped: '2019-05-15'
  date_received: '2019-07-04'
- council_reference: DA/2019/573
  address: 547 Raymond Terrace Road  CHISHOLM  NSW  2322
  description: Subdivision - New Road
  info_url: https://myhorizon.maitland.nsw.gov.au/Horizon/logonOp.aw?e=FxkUAB1eSSgbAR0MXx0aEBcRFgEzEQE6F10WSz4UEUMAZgQSBwVHHAQdXBNFETMAQkZFBEZAXxERQgcwERAAH0YWSzgRBFwdIxUHHRleNAMcEgA%3D#/home
  date_scraped: '2019-05-15'
  date_received: '2019-07-05'
- council_reference: DA/2019/574
  address: 547 Raymond Terrace Road  CHISHOLM  NSW  2322
  description: Subdivision - New Road
  info_url: https://myhorizon.maitland.nsw.gov.au/Horizon/logonOp.aw?e=FxkUAB1eSSgbAR0MXx0aEBcRFgEzEQE6F10WSz4UEUMAZgQSBwVHHAQdXBNFETMAQkZFBEZAXxERQgcwERAAH0YWSzgRBFwdIxUHHRleNAMcEgA%3D#/home
  date_scraped: '2019-05-15'
  date_received: '2019-07-05'
- council_reference: DA/2019/575
  address: 361 Morpeth Road  MORPETH  NSW  2321
  description: Road
  info_url: https://myhorizon.maitland.nsw.gov.au/Horizon/logonOp.aw?e=FxkUAB1eSSgbAR0MXx0aEBcRFgEzEQE6F10WSz4UEUMAZgQSBwVHHAQdXBNFETMAQkZFBEZAXxERQgcwERAAH0YWSzgRBFwdIxUHHRleNAMcEgA%3D#/home
  date_scraped: '2019-05-15'
  date_received: '2019-07-05'
- council_reference: DA/2019/576
  address: 12 Cornwell Street  THORNTON  NSW  2322
  description: Change of use of premises - Residential Home to Group Home
  info_url: https://myhorizon.maitland.nsw.gov.au/Horizon/logonOp.aw?e=FxkUAB1eSSgbAR0MXx0aEBcRFgEzEQE6F10WSz4UEUMAZgQSBwVHHAQdXBNFETMAQkZFBEZAXxERQgcwERAAH0YWSzgRBFwdIxUHHRleNAMcEgA%3D#/home
  date_scraped: '2019-05-15'
  date_received: '2019-07-05'
- council_reference: DA/2019/577
  address: 4 Lancaster Street  THORNTON  NSW  2322
  description: Change of use of premises - Residential Home to Group Home
  info_url: https://myhorizon.maitland.nsw.gov.au/Horizon/logonOp.aw?e=FxkUAB1eSSgbAR0MXx0aEBcRFgEzEQE6F10WSz4UEUMAZgQSBwVHHAQdXBNFETMAQkZFBEZAXxERQgcwERAAH0YWSzgRBFwdIxUHHRleNAMcEgA%3D#/home
  date_scraped: '2019-05-15'
  date_received: '2019-07-05'
- council_reference: DA/2019/578
  address: 82 Ballydoyle Drive  ASHTONFIELD  NSW  2323
  description: Shed
  info_url: https://myhorizon.maitland.nsw.gov.au/Horizon/logonOp.aw?e=FxkUAB1eSSgbAR0MXx0aEBcRFgEzEQE6F10WSz4UEUMAZgQSBwVHHAQdXBNFETMAQkZFBEZAXxERQgcwERAAH0YWSzgRBFwdIxUHHRleNAMcEgA%3D#/home
  date_scraped: '2019-05-15'
  date_received: '2019-07-05'
- council_reference: DA/2019/579
  address: 3 Eldon Drive  LOUTH PARK  NSW  2320
  description: Dwelling house
  info_url: https://myhorizon.maitland.nsw.gov.au/Horizon/logonOp.aw?e=FxkUAB1eSSgbAR0MXx0aEBcRFgEzEQE6F10WSz4UEUMAZgQSBwVHHAQdXBNFETMAQkZFBEZAXxERQgcwERAAH0YWSzgRBFwdIxUHHRleNAMcEgA%3D#/home
  date_scraped: '2019-05-15'
  date_received: '2019-07-08'
- council_reference: DA/2019/580
  address: 12 Irma Place  LOCHINVAR  NSW  2321
  description: Dwelling house
  info_url: https://myhorizon.maitland.nsw.gov.au/Horizon/logonOp.aw?e=FxkUAB1eSSgbAR0MXx0aEBcRFgEzEQE6F10WSz4UEUMAZgQSBwVHHAQdXBNFETMAQkZFBEZAXxERQgcwERAAH0YWSzgRBFwdIxUHHRleNAMcEgA%3D#/home
  date_scraped: '2019-05-15'
  date_received: '2019-07-08'
- council_reference: DA/2019/581
  address: 21 Belmore Road  LORN  NSW  2320
  description: Change of use of premises - Dwelling to Professional Consult Rooms
  info_url: https://myhorizon.maitland.nsw.gov.au/Horizon/logonOp.aw?e=FxkUAB1eSSgbAR0MXx0aEBcRFgEzEQE6F10WSz4UEUMAZgQSBwVHHAQdXBNFETMAQkZFBEZAXxERQgcwERAAH0YWSzgRBFwdIxUHHRleNAMcEgA%3D#/home
  date_scraped: '2019-05-15'
  date_received: '2019-07-08'
- council_reference: DA/2019/582
  address: 8 Lambert Close  BOLWARRA  NSW  2320
  description: Dwelling house
  info_url: https://myhorizon.maitland.nsw.gov.au/Horizon/logonOp.aw?e=FxkUAB1eSSgbAR0MXx0aEBcRFgEzEQE6F10WSz4UEUMAZgQSBwVHHAQdXBNFETMAQkZFBEZAXxERQgcwERAAH0YWSzgRBFwdIxUHHRleNAMcEgA%3D#/home
  date_scraped: '2019-05-15'
  date_received: '2019-07-08'
- council_reference: DA/2019/583
  address: 37 Page Street  EAST MAITLAND  NSW  2323
  description: Dual occupancy (attached), Dwelling house, Subdivision - Torrens Title,
    Subdivision - Strata Title, Demolition
  info_url: https://myhorizon.maitland.nsw.gov.au/Horizon/logonOp.aw?e=FxkUAB1eSSgbAR0MXx0aEBcRFgEzEQE6F10WSz4UEUMAZgQSBwVHHAQdXBNFETMAQkZFBEZAXxERQgcwERAAH0YWSzgRBFwdIxUHHRleNAMcEgA%3D#/home
  date_scraped: '2019-05-15'
  date_received: '2019-07-09'
- council_reference: DA/2019/584
  address: 552 Luskintyre Road  LUSKINTYRE  NSW  2321
  description: Swimming Pool
  info_url: https://myhorizon.maitland.nsw.gov.au/Horizon/logonOp.aw?e=FxkUAB1eSSgbAR0MXx0aEBcRFgEzEQE6F10WSz4UEUMAZgQSBwVHHAQdXBNFETMAQkZFBEZAXxERQgcwERAAH0YWSzgRBFwdIxUHHRleNAMcEgA%3D#/home
  date_scraped: '2019-05-15'
  date_received: '2019-07-09'
- council_reference: DA/2019/585
  address: 32 Kensington Road  BOLWARRA  NSW  2320
  description: Dwelling house, Garage
  info_url: https://myhorizon.maitland.nsw.gov.au/Horizon/logonOp.aw?e=FxkUAB1eSSgbAR0MXx0aEBcRFgEzEQE6F10WSz4UEUMAZgQSBwVHHAQdXBNFETMAQkZFBEZAXxERQgcwERAAH0YWSzgRBFwdIxUHHRleNAMcEgA%3D#/home
  date_scraped: '2019-05-15'
  date_received: '2019-07-09'
- council_reference: DA/2019/586
  address: 73 Owlpen Lane  FARLEY  NSW  2320
  description: Dwelling house
  info_url: https://myhorizon.maitland.nsw.gov.au/Horizon/logonOp.aw?e=FxkUAB1eSSgbAR0MXx0aEBcRFgEzEQE6F10WSz4UEUMAZgQSBwVHHAQdXBNFETMAQkZFBEZAXxERQgcwERAAH0YWSzgRBFwdIxUHHRleNAMcEgA%3D#/home
  date_scraped: '2019-05-15'
  date_received: '2019-07-09'
- council_reference: SM2019/15
  address: 45 Cantwell Road  LOCHINVAR  NSW  2321
  description: Sewage Management Facility
  info_url: https://myhorizon.maitland.nsw.gov.au/Horizon/logonOp.aw?e=FxkUAB1eSSgbAR0MXx0aEBcRFgEzEQE6F10WSz4UEUMAZgQSBwVHHAQdXBNFETMAQkZFBEZAXxERQgcwERAAH0YWSzgRBFwdIxUHHRleNAMcEgA%3D#/home
  date_scraped: '2019-05-15'
  date_received: '2019-07-03'
